MAP
	NAME "savignone"
	EXTENT 1496274 4930614 1502687.375 4936876.5
	IMAGECOLOR 255 255 255
	SIZE 540 430
	RESOLUTION 96
	UNITS meters
	FONTSET "../fonts/fonts.list"
	OUTPUTFORMAT
		 NAME AGG24
		 DRIVER AGG/PNG
		 IMAGEMODE RGB
		FORMATOPTION  INTERLACE=ON
	END
	PROJECTION
		"init=epsg:3003"
		"+towgs84=-104.1,-49.1,-9.9,0.971,-2.917,0.714,-11.68"
	END
WEB
	IMAGEPATH "/tmp/ms_tmp/"
	IMAGEURL "/tmp/"
	METADATA
		"ows_enable_request" "*"
	END
END
LAYER #----------------0-----------------
	GROUP "ortofoto_pcn_2"
	NAME "OI.ORTOIMMAGINI.2006."
	STATUS ON
	TYPE RASTER              
	METADATA
		"wms_group_title"	"ortofoto_pcn"
		"ows_title"	"ortofoto_pcn"
		"wms_name" "OI.ORTOIMMAGINI.2006."
		"wms_srs" "EPSG:4326"
		"wms_server_version" "1.1.1"
		"wms_format" "image/png"
	END
	PROJECTION
		"init=epsg:4326"
	END
	CONNECTIONTYPE WMS
	CONNECTION "http://wms.pcn.minambiente.it/ogc?map=/ms_ogc/WMS_v1.3/raster/ortofoto_colore_06.map"
END
LAYER #----------------1-----------------
	GROUP "franosita_274"
	NAME "query_layer"
	STATUS ON
	TYPE POLYGON             
	METADATA
		"wms_group_title"	"franosita"
		"ows_title"	"franosita"
	END
	PROJECTION
		"init=epsg:3003"
		"+towgs84=-104.1,-49.1,-9.9,0.971,-2.917,0.714,-11.68"
	END
	CONNECTIONTYPE postgis
	TEMPLATE "FOO"
	CONNECTION "user=mapserver password=mapserver dbname=gw_savignone host=127.0.0.1 port=5432"
	DATA "the_geom from vincoli.zona_plg using unique gid"
	PROCESSING "CLOSE_CONNECTION=DEFER"
	FILTER "nome_vincolo='AMBIENTALI'"
END
LAYER #----------------2-----------------
	GROUP "raster_258"
	NAME "avosso"
	STATUS ON
	TYPE RASTER              
	METADATA
		"wms_group_title"	"raster"
		"ows_title"	"raster"
	END
	PROJECTION
		"init=epsg:3003"
		"+towgs84=-104.1,-49.1,-9.9,0.971,-2.917,0.714,-11.68"
	END
	DATA "/data/savignone/shape/ctrn_raster//r_avosso.tif"
END
LAYER #----------------3-----------------
	GROUP "raster_258"
	NAME "busalla"
	STATUS ON
	TYPE RASTER              
	METADATA
		"wms_group_title"	"raster"
		"ows_title"	"raster"
	END
	PROJECTION
		"init=epsg:3003"
		"+towgs84=-104.1,-49.1,-9.9,0.971,-2.917,0.714,-11.68"
	END
	DATA "/data/savignone/shape/ctrn_raster//r_busalla.tif"
END
LAYER #----------------4-----------------
	GROUP "raster_258"
	NAME "casella"
	STATUS ON
	TYPE RASTER              
	METADATA
		"wms_group_title"	"raster"
		"ows_title"	"raster"
	END
	PROJECTION
		"init=epsg:3003"
		"+towgs84=-104.1,-49.1,-9.9,0.971,-2.917,0.714,-11.68"
	END
	DATA "/data/savignone/shape/ctrn_raster//r_casella.tif"
END
LAYER #----------------5-----------------
	GROUP "raster_258"
	NAME "crocefieschi"
	STATUS ON
	TYPE RASTER              
	METADATA
		"wms_group_title"	"raster"
		"ows_title"	"raster"
	END
	PROJECTION
		"init=epsg:3003"
		"+towgs84=-104.1,-49.1,-9.9,0.971,-2.917,0.714,-11.68"
	END
	DATA "/data/savignone/shape/ctrn_raster//r_crocefieschi.tif"
END
LAYER #----------------6-----------------
	GROUP "raster_258"
	NAME "nenno"
	STATUS ON
	TYPE RASTER              
	METADATA
		"wms_group_title"	"raster"
		"ows_title"	"raster"
	END
	PROJECTION
		"init=epsg:3003"
		"+towgs84=-104.1,-49.1,-9.9,0.971,-2.917,0.714,-11.68"
	END
	DATA "/data/savignone/shape/ctrn_raster//r_nenno.tif"
END
LAYER #----------------7-----------------
	GROUP "raster_258"
	NAME "ponterosso"
	STATUS ON
	TYPE RASTER              
	METADATA
		"wms_group_title"	"raster"
		"ows_title"	"raster"
	END
	PROJECTION
		"init=epsg:3003"
		"+towgs84=-104.1,-49.1,-9.9,0.971,-2.917,0.714,-11.68"
	END
	DATA "/data/savignone/shape/ctrn_raster//r_ponterosso.tif"
END
LAYER #----------------8-----------------
	GROUP "raster_258"
	NAME "savignone"
	STATUS ON
	TYPE RASTER              
	METADATA
		"wms_group_title"	"raster"
		"ows_title"	"raster"
	END
	PROJECTION
		"init=epsg:3003"
		"+towgs84=-104.1,-49.1,-9.9,0.971,-2.917,0.714,-11.68"
	END
	DATA "/data/savignone/shape/ctrn_raster//r_savignone.tif"
END
LAYER #----------------9-----------------
	GROUP "raster_258"
	NAME "semino"
	STATUS ON
	TYPE RASTER              
	METADATA
		"wms_group_title"	"raster"
		"ows_title"	"raster"
	END
	PROJECTION
		"init=epsg:3003"
		"+towgs84=-104.1,-49.1,-9.9,0.971,-2.917,0.714,-11.68"
	END
	DATA "/data/savignone/shape/ctrn_raster//r_semino.tif"
END
LAYER #----------------10-----------------
	GROUP "acque_263"
	NAME "acque"
	STATUS ON
	TYPE POLYGON             
	METADATA
		"wms_group_title"	"acque"
		"ows_title"	"acque"
	END
	PROJECTION
		"init=epsg:3003"
		"+towgs84=-104.1,-49.1,-9.9,0.971,-2.917,0.714,-11.68"
	END
	CONNECTIONTYPE postgis
	TEMPLATE "FOO"
	CONNECTION "user=mapserver password=mapserver dbname=gw_savignone host=127.0.0.1 port=5432"
	DATA "bordo_gb from nct.acque using unique gid"
	PROCESSING "CLOSE_CONNECTION=DEFER"
	FILTER "q_unione=0"
	SIZEUNITS pixels
	CLASS
		NAME "ACQUE"
		TITLE "Acque"
		STYLE
			COLOR 0 192 192
			SIZE 10
			WIDTH 1
			MINWIDTH 5
		END
	END
END
LAYER #----------------11-----------------
	GROUP "strade_260"
	NAME "strade"
	STATUS ON
	TYPE POLYGON             
	METADATA
		"wms_group_title"	"strade"
		"ows_title"	"strade"
	END
	PROJECTION
		"init=epsg:3003"
		"+towgs84=-104.1,-49.1,-9.9,0.971,-2.917,0.714,-11.68"
	END
	CONNECTIONTYPE postgis
	TEMPLATE "FOO"
	CONNECTION "user=mapserver password=mapserver dbname=gw_savignone host=127.0.0.1 port=5432"
	DATA "bordo_gb from nct.strade using unique gid"
	PROCESSING "CLOSE_CONNECTION=DEFER"
	FILTER "q_unione=0"
	CLASS
		NAME "STRADE"
		TITLE "Strade"
		STYLE
			COLOR 234 234 234
			SIZE 1
			WIDTH 1
		END
	END
END
LAYER #----------------12-----------------
	GROUP "particelle_261"
	NAME "particelle"
	STATUS ON
	TYPE POLYGON             
	METADATA
		"wms_group_title"	"particelle"
		"ows_title"	"particelle"
	END
	PROJECTION
		"init=epsg:3003"
		"+towgs84=-104.1,-49.1,-9.9,0.971,-2.917,0.714,-11.68"
	END
	CONNECTIONTYPE postgis
	TEMPLATE "FOO"
	CONNECTION "user=mapserver password=mapserver dbname=gw_savignone host=127.0.0.1 port=5432"
	DATA "bordo_gb from nct.particelle using unique gid"
	PROCESSING "CLOSE_CONNECTION=DEFER"
	FILTER "q_unione=0 or q_unione=1"
	SIZEUNITS pixels
	CLASS
		NAME "NERA"
		TITLE "Particelle (<1:10000)"
		MAXSCALEDENOM 10000
		STYLE
			OUTLINECOLOR 0 0 0
			SIZE 1
			WIDTH 1
			PATTERN 1 1 1 1 END
		END
	END
	CLASS
		NAME "GRIGIA"
		TITLE "Particelle (>1:10000)"
		MINSCALEDENOM 10000
		STYLE
			OUTLINECOLOR 128 128 128
			SIZE 1
			WIDTH 1
		END
	END
END
LAYER #----------------13-----------------
	GROUP "varie_265"
	NAME "linee"
	STATUS ON
	TYPE LINE                
	METADATA
		"wms_group_title"	"varie"
		"ows_title"	"varie"
	END
	PROJECTION
		"init=epsg:3003"
		"+towgs84=-104.1,-49.1,-9.9,0.971,-2.917,0.714,-11.68"
	END
	CONNECTIONTYPE postgis
	TEMPLATE "FOO"
	CONNECTION "user=mapserver password=mapserver dbname=gw_savignone host=127.0.0.1 port=5432"
	DATA "the_geom_gb from nct.varie using unique gid"
	PROCESSING "CLOSE_CONNECTION=DEFER"
	FILTER "fuorimappa=0"
	SIZEUNITS pixels
	CLASSITEM "codice"
	OPACITY 15
	CLASS
		NAME "varie"
		TITLE "Linee varie"
		STYLE
			COLOR 0 0 0
			WIDTH 1
		END
	END
END
LAYER #----------------14-----------------
	GROUP "fabbricati_262"
	NAME "fabbricati"
	STATUS ON
	TYPE POLYGON             
	METADATA
		"wms_group_title"	"fabbricati"
		"ows_title"	"fabbricati"
	END
	PROJECTION
		"init=epsg:3003"
		"+towgs84=-104.1,-49.1,-9.9,0.971,-2.917,0.714,-11.68"
	END
	CONNECTIONTYPE postgis
	TEMPLATE "FOO"
	CONNECTION "user=mapserver password=mapserver dbname=gw_savignone host=127.0.0.1 port=5432"
	DATA "bordo_gb from nct.fabbricati using unique gid"
	PROCESSING "CLOSE_CONNECTION=DEFER"
	FILTER "q_unione=0"
	SIZEUNITS pixels
	SYMBOLSCALEDENOM 1000
	CLASS
		NAME "FABBRICATO"
		TITLE "Fabbricato"
		STYLE
			COLOR 0 0 0
			SYMBOL "HATCH"
			SIZE 4
			ANGLE 45
			WIDTH 1
		END
		STYLE
			OUTLINECOLOR 0 0 0
			WIDTH 2
		END
	END
END
LAYER #----------------15-----------------
	GROUP "particelle_261"
	NAME "freccette"
	STATUS ON
	TYPE LINE                
	METADATA
		"wms_group_title"	"particelle"
		"ows_title"	"particelle"
	END
	PROJECTION
		"init=epsg:3003"
		"+towgs84=-104.1,-49.1,-9.9,0.971,-2.917,0.714,-11.68"
	END
	CONNECTIONTYPE postgis
	TEMPLATE "FOO"
	CONNECTION "user=mapserver password=mapserver dbname=gw_savignone host=127.0.0.1 port=5432"
	DATA "the_geom from nct.vista_freccette using unique gid"
	PROCESSING "CLOSE_CONNECTION=DEFER"
	SIZEUNITS pixels
	MAXSCALEDENOM 5001
	CLASS
		NAME "CLS4"
		STYLE
			COLOR 100 100 100
			WIDTH 1
		END
	END
END
LAYER #----------------16-----------------
	GROUP "particelle_261"
	NAME "numeri_particelle"
	STATUS ON
	TYPE ANNOTATION          
	METADATA
		"wms_group_title"	"particelle"
		"ows_title"	"particelle"
	END
	PROJECTION
		"init=epsg:3003"
		"+towgs84=-104.1,-49.1,-9.9,0.971,-2.917,0.714,-11.68"
	END
	CONNECTIONTYPE postgis
	TEMPLATE "FOO"
	CONNECTION "user=mapserver password=mapserver dbname=gw_savignone host=127.0.0.1 port=5432"
	DATA "posizione_gb from nct.particelle using unique gid"
	PROCESSING "CLOSE_CONNECTION=DEFER"
	FILTER "q_unione=0"
	SIZEUNITS meters
	LABELITEM "mappale"
	MAXSCALEDENOM 5001
	CLASS
		NAME "TESTI_PARTICELLE"
		TITLE "Testo Particelle Catastali"
		LABEL
			TYPE TRUETYPE
			PARTIALS TRUE
			FONT "arial"
			ANGLE [angolo]
			COLOR 0 0 0
			OUTLINECOLOR 255 255 255
			SIZE [dimensione]
			POSITION UR
			FORCE TRUE
		END
	END
END
LAYER #----------------17-----------------
	GROUP "simboli_264"
	NAME "simboli"
	STATUS ON
	TYPE ANNOTATION          
	METADATA
		"wms_group_title"	"simboli"
		"ows_title"	"simboli"
	END
	PROJECTION
		"init=epsg:3003"
		"+towgs84=-104.1,-49.1,-9.9,0.971,-2.917,0.714,-11.68"
	END
	CONNECTIONTYPE postgis
	TEMPLATE "FOO"
	CONNECTION "user=mapserver password=mapserver dbname=gw_savignone host=127.0.0.1 port=5432"
	DATA "posizione_gb from nct.simboli using unique gid"
	PROCESSING "CLOSE_CONNECTION=DEFER"
	FILTER "fuorimappa=0"
	SIZEUNITS meters
	CLASSITEM "codice"
	CLASS
		NAME "TERMINE"
		TITLE "Termine Catastale Provinciale"
		EXPRESSION /^11$/
	END
	CLASS
		NAME "PICCHETTI"
		TITLE "Picchetti"
		EXPRESSION /^2$/
		STYLE
			COLOR 0 0 0
			SYMBOL "PICCHETTO"
			ANGLE [angolo]
			WIDTH 1
		END
	END
	CLASS
		NAME "GRAFFAP"
		TITLE "Graffa di annessione - piccola"
		EXPRESSION /^14$/
		STYLE
			COLOR 0 0 0
			SYMBOL "GRAFFA"
			SIZE 3
			ANGLE [angolo]
			WIDTH 1
		END
	END
	CLASS
		NAME "GRAFFAG"
		TITLE "Graffa di annessione grande"
		EXPRESSION /^9$/
		STYLE
			COLOR 0 0 0
			SYMBOL "GRAFFA"
			SIZE 4
			ANGLE [angolo]
			WIDTH 1
		END
	END
	CLASS
		NAME "OSSO"
		TITLE "Osso di morto"
		EXPRESSION /^4$/
		STYLE
			COLOR 0 0 0
			SYMBOL "OSSO MORTO"
			ANGLE [angolo]
			WIDTH 1
		END
	END
	CLASS
		NAME "FLUSSO_ACQUE_MEDIO"
		TITLE "Flusso scorrimento acque - medio"
		EXPRESSION /^6$/
		STYLE
			SYMBOL "FRECCIA2"
			SIZE 10
			ANGLE [angolo]
			WIDTH 1
		END
	END
END
LAYER #----------------18-----------------
	GROUP "fiduciali_267"
	NAME "fiduciali"
	STATUS ON
	TYPE POINT               
	METADATA
		"wms_group_title"	"fiduciali"
		"ows_title"	"fiduciali"
	END
	PROJECTION
		"init=epsg:3003"
		"+towgs84=-104.1,-49.1,-9.9,0.971,-2.917,0.714,-11.68"
	END
	CONNECTIONTYPE postgis
	TEMPLATE "FOO"
	CONNECTION "user=mapserver password=mapserver dbname=gw_savignone host=127.0.0.1 port=5432"
	DATA "posizione_gb from nct.fiduciali using unique gid"
	PROCESSING "CLOSE_CONNECTION=DEFER"
	FILTER "fuorimappa=0"
	SIZEUNITS meters
	CLASSITEM "codice"
	POSTLABELCACHE TRUE
	CLASS
		NAME "FIDUCIALI_CERCHIO"
		TITLE "Punto fiduciale"
		EXPRESSION /^20$/
		STYLE
			COLOR 255 0 0
			SYMBOL "FIDUCIALE"
			SIZE 10
			WIDTH 1
		END
	END
END
LAYER #----------------19-----------------
	GROUP "fiduciali_267"
	NAME "numeri_fiduciali"
	STATUS ON
	TYPE ANNOTATION          
	METADATA
		"wms_group_title"	"fiduciali"
		"ows_title"	"fiduciali"
	END
	PROJECTION
		"init=epsg:3003"
		"+towgs84=-104.1,-49.1,-9.9,0.971,-2.917,0.714,-11.68"
	END
	CONNECTIONTYPE postgis
	TEMPLATE "FOO"
	CONNECTION "user=mapserver password=mapserver dbname=gw_savignone host=127.0.0.1 port=5432"
	DATA "rappresentazione_gb from nct.fiduciali using unique gid"
	PROCESSING "CLOSE_CONNECTION=DEFER"
	SIZEUNITS meters
	CLASS
		NAME "TESTO_NUMERO"
		TITLE "Numero di fiduciale"
		LABEL
			TYPE TRUETYPE
			PARTIALS TRUE
			FONT "arial-bold"
			ANGLE [angolo]
			COLOR 0 0 0
			SIZE 4
			POSITION UR
		END
	END
END
LAYER #----------------20-----------------
	GROUP "fogli_1"
	NAME "fogli"
	STATUS ON
	TYPE POLYGON             
	METADATA
		"wms_group_title"	"fogli"
		"ows_title"	"fogli"
	END
	PROJECTION
		"init=epsg:3003"
		"+towgs84=-104.1,-49.1,-9.9,0.971,-2.917,0.714,-11.68"
	END
	CONNECTIONTYPE postgis
	TEMPLATE "FOO"
	CONNECTION "user=mapserver password=mapserver dbname=gw_savignone host=127.0.0.1 port=5432"
	DATA "bordo_gb from nct.fogli_elaborati using unique gid"
	PROCESSING "CLOSE_CONNECTION=DEFER"
	SIZEUNITS pixels
	CLASSITEM "foglio"
	LABELITEM "foglio"
	MINSCALEDENOM 24001
	OPACITY 60
	CLASS
		NAME "foglio_01"
		TITLE "Foglio 1"
		EXPRESSION /^1$/
		LABEL
			TYPE TRUETYPE
			PARTIALS TRUE
			FONT "arial-bold"
			COLOR 0 0 0
			SIZE 12
			MINSIZE 5
			MAXSIZE 20
			POSITION CC
			FORCE TRUE
		END
		STYLE
			COLOR 255 200 0
			WIDTH 1
		END
	END
	CLASS
		NAME "foglio_02"
		TITLE "Foglio 2"
		EXPRESSION /^2$/
		LABEL
			TYPE TRUETYPE
			PARTIALS TRUE
			FONT "arial-bold"
			COLOR 0 0 0
			SIZE 12
			MINSIZE 5
			MAXSIZE 20
			POSITION CC
			FORCE TRUE
		END
		STYLE
			COLOR 150 150 255
			WIDTH 1
		END
	END
	CLASS
		NAME "foglio_03"
		TITLE "Foglio 3"
		EXPRESSION /^3$/
		LABEL
			TYPE TRUETYPE
			PARTIALS TRUE
			FONT "arial-bold"
			COLOR 0 0 0
			SIZE 12
			MINSIZE 5
			MAXSIZE 20
			POSITION CC
			FORCE TRUE
		END
		STYLE
			COLOR 0 127 255
			WIDTH 1
		END
	END
	CLASS
		NAME "foglio_04"
		TITLE "Foglio 4"
		EXPRESSION /^4$/
		LABEL
			TYPE TRUETYPE
			PARTIALS TRUE
			FONT "arial-bold"
			COLOR 0 0 0
			SIZE 12
			MINSIZE 5
			MAXSIZE 20
			POSITION CC
			FORCE TRUE
		END
		STYLE
			COLOR 110 50 0
			WIDTH 1
		END
	END
	CLASS
		NAME "foglio_05"
		TITLE "Foglio 5"
		EXPRESSION /^5$/
		LABEL
			TYPE TRUETYPE
			PARTIALS TRUE
			FONT "arial-bold"
			COLOR 0 0 0
			SIZE 12
			MINSIZE 5
			MAXSIZE 20
			POSITION CC
			FORCE TRUE
		END
		STYLE
			COLOR 0 255 0
			WIDTH 1
		END
	END
	CLASS
		NAME "foglio_06"
		TITLE "Foglio 6"
		EXPRESSION /^6$/
		LABEL
			TYPE TRUETYPE
			PARTIALS TRUE
			FONT "arial-bold"
			COLOR 0 0 0
			SIZE 12
			MINSIZE 5
			MAXSIZE 20
			POSITION CC
			FORCE TRUE
		END
		STYLE
			COLOR 0 127 255
			WIDTH 1
		END
	END
	CLASS
		NAME "foglio_07"
		TITLE "Foglio 7"
		EXPRESSION /^7$/
		LABEL
			TYPE TRUETYPE
			PARTIALS TRUE
			FONT "arial-bold"
			COLOR 0 0 0
			SIZE 12
			MINSIZE 5
			MAXSIZE 20
			POSITION CC
			FORCE TRUE
		END
		STYLE
			COLOR 255 0 0
			WIDTH 1
		END
	END
	CLASS
		NAME "foglio_08"
		TITLE "Foglio 8"
		EXPRESSION /^8$/
		LABEL
			TYPE TRUETYPE
			PARTIALS TRUE
			FONT "arial-bold"
			COLOR 0 0 0
			SIZE 12
			MINSIZE 5
			MAXSIZE 20
			POSITION CC
			FORCE TRUE
		END
		STYLE
			COLOR 255 200 0
			WIDTH 1
		END
	END
	CLASS
		NAME "foglio_09"
		TITLE "Foglio 9"
		EXPRESSION /^9$/
		LABEL
			TYPE TRUETYPE
			PARTIALS TRUE
			FONT "arial-bold"
			COLOR 0 0 0
			SIZE 12
			MINSIZE 5
			MAXSIZE 20
			POSITION CC
			FORCE TRUE
		END
		STYLE
			COLOR 0 127 255
			WIDTH 1
		END
	END
	CLASS
		NAME "foglio_10"
		TITLE "Foglio 10"
		EXPRESSION /^10$/
		LABEL
			TYPE TRUETYPE
			PARTIALS TRUE
			FONT "arial-bold"
			COLOR 0 0 0
			SIZE 12
			MINSIZE 5
			MAXSIZE 20
			POSITION CC
			FORCE TRUE
		END
		STYLE
			COLOR 170 0 255
			WIDTH 1
		END
	END
	CLASS
		NAME "foglio_11"
		TITLE "Foglio 11"
		EXPRESSION /^11$/
		LABEL
			TYPE TRUETYPE
			PARTIALS TRUE
			FONT "arial-bold"
			COLOR 0 0 0
			SIZE 12
			MINSIZE 5
			MAXSIZE 20
			POSITION CC
			FORCE TRUE
		END
		STYLE
			COLOR 0 255 0
			WIDTH 1
		END
	END
	CLASS
		NAME "foglio_12"
		TITLE "Foglio 12"
		EXPRESSION /^12$/
		LABEL
			TYPE TRUETYPE
			PARTIALS TRUE
			FONT "arial-bold"
			COLOR 0 0 0
			SIZE 12
			MINSIZE 5
			MAXSIZE 20
			POSITION CC
			FORCE TRUE
		END
		STYLE
			COLOR 255 0 0
			WIDTH 1
		END
	END
	CLASS
		NAME "foglio_13"
		TITLE "Foglio 13"
		EXPRESSION /^13$/
		LABEL
			TYPE TRUETYPE
			PARTIALS TRUE
			FONT "arial-bold"
			COLOR 0 0 0
			SIZE 12
			MINSIZE 5
			MAXSIZE 20
			POSITION CC
			FORCE TRUE
		END
		STYLE
			COLOR 255 200 0
			WIDTH 1
		END
	END
	CLASS
		NAME "foglio_14"
		TITLE "Foglio 14"
		EXPRESSION /^14$/
		LABEL
			TYPE TRUETYPE
			PARTIALS TRUE
			FONT "arial-bold"
			COLOR 0 0 0
			SIZE 12
			MINSIZE 5
			MAXSIZE 20
			POSITION CC
			FORCE TRUE
		END
		STYLE
			COLOR 255 127 0
			WIDTH 1
		END
	END
	CLASS
		NAME "foglio_15"
		TITLE "Foglio 15"
		EXPRESSION /^15$/
		LABEL
			TYPE TRUETYPE
			PARTIALS TRUE
			FONT "arial-bold"
			COLOR 0 0 0
			SIZE 12
			MINSIZE 5
			MAXSIZE 20
			POSITION CC
			FORCE TRUE
		END
		STYLE
			COLOR 170 0 255
			WIDTH 1
		END
	END
	CLASS
		NAME "foglio_16"
		TITLE "Foglio 16"
		EXPRESSION /^16$/
		LABEL
			TYPE TRUETYPE
			PARTIALS TRUE
			FONT "arial-bold"
			COLOR 0 0 0
			SIZE 12
			MINSIZE 5
			MAXSIZE 20
			POSITION CC
			FORCE TRUE
		END
		STYLE
			COLOR 0 255 0
			WIDTH 1
		END
	END
	CLASS
		NAME "foglio_17"
		TITLE "Foglio 17"
		EXPRESSION /^17$/
		LABEL
			TYPE TRUETYPE
			PARTIALS TRUE
			FONT "arial-bold"
			COLOR 0 0 0
			SIZE 12
			MINSIZE 5
			MAXSIZE 20
			POSITION CC
			FORCE TRUE
		END
		STYLE
			COLOR 110 50 0
			WIDTH 1
		END
	END
	CLASS
		NAME "foglio_18"
		TITLE "Foglio 18"
		EXPRESSION /^18$/
		LABEL
			TYPE TRUETYPE
			PARTIALS TRUE
			FONT "arial-bold"
			COLOR 0 0 0
			SIZE 12
			MINSIZE 5
			MAXSIZE 20
			POSITION CC
			FORCE TRUE
		END
		STYLE
			COLOR 255 200 0
			WIDTH 1
		END
	END
	CLASS
		NAME "foglio_19"
		TITLE "Foglio 19"
		EXPRESSION /^19$/
		LABEL
			TYPE TRUETYPE
			PARTIALS TRUE
			FONT "arial-bold"
			COLOR 0 0 0
			SIZE 12
			MINSIZE 5
			MAXSIZE 20
			POSITION CC
			FORCE TRUE
		END
		STYLE
			COLOR 0 200 0
			WIDTH 1
		END
	END
	CLASS
		NAME "foglio_20"
		TITLE "Foglio 20"
		EXPRESSION /^20$/
		LABEL
			TYPE TRUETYPE
			PARTIALS TRUE
			FONT "arial-bold"
			COLOR 0 0 0
			SIZE 12
			MINSIZE 5
			MAXSIZE 20
			POSITION CC
			FORCE TRUE
		END
		STYLE
			COLOR 10 90 0
			WIDTH 1
		END
	END
	CLASS
		NAME "foglio_21"
		TITLE "Foglio 21"
		EXPRESSION /^21$/
		LABEL
			TYPE TRUETYPE
			PARTIALS TRUE
			FONT "arial-bold"
			COLOR 0 0 0
			SIZE 12
			MINSIZE 5
			MAXSIZE 20
			POSITION CC
			FORCE TRUE
		END
		STYLE
			COLOR 150 150 255
			WIDTH 1
		END
	END
	CLASS
		NAME "foglio_22"
		TITLE "Foglio 22"
		EXPRESSION /^22$/
		LABEL
			TYPE TRUETYPE
			PARTIALS TRUE
			FONT "arial-bold"
			COLOR 0 0 0
			SIZE 12
			MINSIZE 5
			MAXSIZE 20
			POSITION CC
			FORCE TRUE
		END
		STYLE
			COLOR 170 0 255
			WIDTH 1
		END
	END
	CLASS
		NAME "foglio_23"
		TITLE "Foglio 23"
		EXPRESSION /^23$/
		LABEL
			TYPE TRUETYPE
			PARTIALS TRUE
			FONT "arial-bold"
			COLOR 0 0 0
			SIZE 12
			MINSIZE 5
			MAXSIZE 20
			POSITION CC
			FORCE TRUE
		END
		STYLE
			COLOR 255 0 0
			WIDTH 1
		END
	END
	CLASS
		NAME "foglio_24"
		TITLE "Foglio 24"
		EXPRESSION /^24$/
		LABEL
			TYPE TRUETYPE
			PARTIALS TRUE
			FONT "arial-bold"
			COLOR 0 0 0
			SIZE 12
			MINSIZE 5
			MAXSIZE 20
			POSITION CC
			FORCE TRUE
		END
		STYLE
			COLOR 0 127 255
			WIDTH 1
		END
	END
	CLASS
		NAME "foglio_25"
		TITLE "Foglio 25"
		EXPRESSION /^25$/
		LABEL
			TYPE TRUETYPE
			PARTIALS TRUE
			FONT "arial-bold"
			COLOR 0 0 0
			SIZE 12
			MINSIZE 5
			MAXSIZE 20
			POSITION CC
			FORCE TRUE
		END
		STYLE
			COLOR 255 127 0
			WIDTH 1
		END
	END
	CLASS
		NAME "foglio_26"
		TITLE "Foglio 26"
		EXPRESSION /^26$/
		LABEL
			TYPE TRUETYPE
			PARTIALS TRUE
			FONT "arial-bold"
			COLOR 0 0 0
			SIZE 12
			MINSIZE 5
			MAXSIZE 20
			POSITION CC
			FORCE TRUE
		END
		STYLE
			COLOR 10 90 0
			WIDTH 1
		END
	END
	CLASS
		NAME "foglio_27"
		TITLE "Foglio 27"
		EXPRESSION /^27$/
		LABEL
			TYPE TRUETYPE
			PARTIALS TRUE
			FONT "arial-bold"
			COLOR 0 0 0
			SIZE 12
			MINSIZE 5
			MAXSIZE 20
			POSITION CC
			FORCE TRUE
		END
		STYLE
			COLOR 255 0 0
			WIDTH 1
		END
	END
END
LAYER #----------------21-----------------
	GROUP "ambiti_268"
	NAME "puc_ambiti"
	STATUS ON
	TYPE POLYGON             
	METADATA
		"wms_group_title"	"ambiti"
		"ows_title"	"ambiti"
	END
	PROJECTION
		"init=epsg:3003"
		"+towgs84=-104.1,-49.1,-9.9,0.971,-2.917,0.714,-11.68"
	END
	CONNECTIONTYPE postgis
	TEMPLATE "FOO"
	CONNECTION "user=mapserver password=mapserver dbname=gw_savignone host=127.0.0.1 port=5432"
	DATA "the_geom from vincoli.zona_plg using unique gid"
	PROCESSING "CLOSE_CONNECTION=DEFER"
	FILTER "nome_vincolo='PUC' and nome_tavola='AMBITI_FRANE'"
	SIZEUNITS pixels
	CLASSITEM "nome_zona"
	LABELITEM "label"
	LABELMAXSCALEDENOM 15001
	OPACITY 60
	CLASS
		NAME "conservazione"
		TITLE "Ambito di Conservazione"
		EXPRESSION /^CONSERVAZIONE_/
		STYLE
			COLOR 255 128 0
			OUTLINECOLOR 0 0 0
			WIDTH 1
		END
	END
	CLASS
		NAME "riqualificazione"
		TITLE "Ambito Riqualificazione Urbana"
		EXPRESSION /^RIQUALIFICAZIONE_/
		STYLE
			COLOR 255 255 150
			OUTLINECOLOR 0 0 0
			WIDTH 1
		END
	END
	CLASS
		NAME "rurale"
		TITLE "Ambito Conservazione Rurale"
		EXPRESSION /^CR_/
		STYLE
			COLOR 255 229 105
			OUTLINECOLOR 0 0 0
			WIDTH 1
		END
	END
	CLASS
		NAME "presidio"
		TITLE "Territorio di Presidio Ambientale"
		EXPRESSION /^PRESIDIO_AMBIENTALE_/
		STYLE
			COLOR 128 128 128
			OUTLINECOLOR 0 0 0
			WIDTH 1
		END
	END
	CLASS
		NAME "manufatti"
		TITLE "Ambito Manufatti Emergenti"
		EXPRESSION /^MANUFATTI/
		LABEL
			TYPE TRUETYPE
			PARTIALS TRUE
			FONT "arial"
			COLOR 0 0 0
			SIZE 10
			POSITION CC
		END
		STYLE
			COLOR 255 128 128
			OUTLINECOLOR 0 0 0
			WIDTH 1
		END
	END
	CLASS
		NAME "tni"
		TITLE "Territori Non Insediati"
		EXPRESSION /^TNI_1|^TNI_2|^TNI_3|^TNI_4/
		STYLE
			COLOR 191 255 128
			OUTLINECOLOR 0 0 0
			WIDTH 1
		END
	END
	CLASS
		NAME "tni_parco"
		TITLE "Territori Non Insediati - Zone a Parco"
		EXPRESSION /^TNI_ZONE_PARCO/
		STYLE
			COLOR 82 165 80
			OUTLINECOLOR 0 0 0
			WIDTH 1
		END
	END
	CLASS
		NAME "trz"
		TITLE "Distretto di Trasformazione"
		EXPRESSION /^TRZ/
		STYLE
			COLOR 191 127 255
			OUTLINECOLOR 0 0 0
			WIDTH 1
		END
	END
	CLASS
		NAME "fluviale"
		TITLE "Ambito di Rispetto Fluviale"
		EXPRESSION /^RISPETTO_FLUVIALE/
		STYLE
			COLOR 127 223 255
			OUTLINECOLOR 0 0 0
			WIDTH 1
		END
	END
END
LAYER #----------------22-----------------
	GROUP "servizi_pubblici_270"
	NAME "serv_pubblici"
	STATUS ON
	TYPE POLYGON             
	METADATA
		"wms_group_title"	"servizi_pubblici"
		"ows_title"	"servizi_pubblici"
	END
	PROJECTION
		"init=epsg:3003"
		"+towgs84=-104.1,-49.1,-9.9,0.971,-2.917,0.714,-11.68"
	END
	CONNECTIONTYPE postgis
	TEMPLATE "FOO"
	CONNECTION "user=mapserver password=mapserver dbname=gw_savignone host=127.0.0.1 port=5432"
	DATA "the_geom from vincoli.zona_plg using unique gid"
	PROCESSING "CLOSE_CONNECTION=DEFER"
	FILTER "nome_vincolo='PUC' and (nome_tavola ='SERVIZI_PUBBLICI_CDU0' or nome_tavola ='SERVIZI_PUBBLICI_CDU1')"
	SIZEUNITS pixels
	CLASSITEM "nome_zona"
	LABELITEM "label"
	CLASS
		NAME "impianti_tecnologici"
		TITLE "Impianti tecnologici"
		EXPRESSION /^IMPIANTI_TECNOLOGICI$/
		STYLE
			COLOR 0 64 255
			SYMBOL "HATCH"
			OUTLINECOLOR 0 64 255
			SIZE 4
			ANGLE 60
			WIDTH 1
		END
	END
	CLASS
		NAME "interesse_comune"
		TITLE "Interesse comune"
		EXPRESSION /^INTERESSE_COMUNE$/
		STYLE
			COLOR 0 64 255
			SYMBOL "HATCH"
			OUTLINECOLOR 0 64 255
			SIZE 4
			ANGLE 60
			WIDTH 1
		END
	END
	CLASS
		NAME "istruzione"
		TITLE "Istruzione"
		EXPRESSION /^ISTRUZIONE$/
		STYLE
			COLOR 0 64 255
			SYMBOL "HATCH"
			OUTLINECOLOR 0 64 255
			SIZE 4
			ANGLE 60
			WIDTH 1
		END
	END
	CLASS
		NAME "parcheggi_pubblici"
		TITLE "Parcheggi pubblici"
		EXPRESSION /^PARCHEGGI_PUBBLICI$/
		STYLE
			COLOR 0 64 255
			SYMBOL "HATCH"
			OUTLINECOLOR 0 64 255
			SIZE 4
			ANGLE 60
			WIDTH 1
		END
	END
	CLASS
		NAME "verde_pubblico"
		TITLE "Verde pubblico"
		EXPRESSION /^VERDE_PUBBLICO$/
		STYLE
			COLOR 0 64 255
			SYMBOL "HATCH"
			OUTLINECOLOR 0 64 255
			SIZE 4
			ANGLE 60
			WIDTH 1
		END
	END
	CLASS
		NAME "rispetto_cimiteriale"
		TITLE "Rispetto cimiteriale"
		EXPRESSION /^RISPETTO_CIMITERIALE$/
		STYLE
			OUTLINECOLOR 127 63 0
			WIDTH 3
		END
	END
END
LAYER #----------------23-----------------
	GROUP "settori_271"
	NAME "puc_settori"
	STATUS ON
	TYPE POLYGON             
	METADATA
		"wms_group_title"	"settori"
		"ows_title"	"settori"
	END
	PROJECTION
		"init=epsg:3003"
		"+towgs84=-104.1,-49.1,-9.9,0.971,-2.917,0.714,-11.68"
	END
	CONNECTIONTYPE postgis
	TEMPLATE "FOO"
	CONNECTION "user=mapserver password=mapserver dbname=gw_savignone host=127.0.0.1 port=5432"
	DATA "the_geom from vincoli.zona_plg using unique gid"
	PROCESSING "CLOSE_CONNECTION=DEFER"
	FILTER "nome_vincolo='PUC' and nome_tavola='SETTORI'"
	SIZEUNITS pixels
	CLASSITEM "nome_zona"
	LABELITEM "label"
	CLASS
		NAME "settori_artigianali"
		TITLE "Settori artigianali"
		EXPRESSION /^SETTORI_ARTIGIANALI$/
		STYLE
			COLOR 127 0 255
			SYMBOL "HATCH"
			SIZE 16
			ANGLE 90
			WIDTH 2
		END
		STYLE
			OUTLINECOLOR 127 0 255
			WIDTH 3
		END
	END
	CLASS
		NAME "settori_intrz"
		TITLE "Settori di trasformazione"
		EXPRESSION /^SETTORI_INTRZ$/
		STYLE
			COLOR 255 127 191
			SYMBOL "HATCH"
			SIZE 16
			ANGLE 90
			WIDTH 2
		END
		STYLE
			OUTLINECOLOR 255 127 191
			WIDTH 3
		END
	END
	CLASS
		NAME "settori_residenziale"
		TITLE "Settori residenziali"
		EXPRESSION /^SETTORI_RESIDENZIALE$/
		STYLE
			COLOR 0 124 165
			SYMBOL "HATCH"
			SIZE 16
			ANGLE 90
			WIDTH 2
		END
		STYLE
			OUTLINECOLOR 0 124 165
			WIDTH 3
		END
	END
END
LAYER #----------------24-----------------
	GROUP "viabilita_272"
	NAME "viabilita"
	STATUS ON
	TYPE LINE                
	METADATA
		"wms_group_title"	"viabilita"
		"ows_title"	"viabilita"
	END
	PROJECTION
		"init=epsg:3003"
		"+towgs84=-104.1,-49.1,-9.9,0.971,-2.917,0.714,-11.68"
	END
	CONNECTIONTYPE postgis
	TEMPLATE "FOO"
	CONNECTION "user=mapserver password=mapserver dbname=gw_savignone host=127.0.0.1 port=5432"
	DATA "the_geom from vincoli.zona_l using unique gid"
	PROCESSING "CLOSE_CONNECTION=DEFER"
	FILTER "nome_vincolo='PUC' and nome_tavola ='VIABILITA'"
	SIZEUNITS meters
	CLASSITEM "nome_zona"
	CLASS
		NAME "viabilita_progetto"
		TITLE "Viabilità di progetto"
		EXPRESSION /^VIAB_PROGETTO$/
		STYLE
			OUTLINECOLOR 255 191 0
			WIDTH 6
		END
	END
	CLASS
		NAME "viabilita_galleria"
		TITLE "Viabilità di progetto in galleria"
		EXPRESSION /^VIAB_PROGETTO_GALLERIA$/
		STYLE
			COLOR 255 191 0
			SIZE 6
			WIDTH 1
			PATTERN 1 10 1 10 END
		END
	END
	CLASS
		NAME "viabilita_esistente"
		TITLE "Viabilità esistente da potenziare"
		EXPRESSION /^VIAB_ESISTENTE$/
		STYLE
			OUTLINECOLOR 255 63 0
			WIDTH 6
		END
	END
END
LAYER #----------------25-----------------
	GROUP "testi_266"
	NAME "testi"
	STATUS ON
	TYPE POINT               
	METADATA
		"wms_group_title"	"testi"
		"ows_title"	"testi"
	END
	PROJECTION
		"init=epsg:3003"
		"+towgs84=-104.1,-49.1,-9.9,0.971,-2.917,0.714,-11.68"
	END
	CONNECTIONTYPE postgis
	TEMPLATE "FOO"
	CONNECTION "user=mapserver password=mapserver dbname=gw_savignone host=127.0.0.1 port=5432"
	DATA "posizione_gb from nct.testi using unique gid"
	PROCESSING "CLOSE_CONNECTION=DEFER"
	FILTER "fuorimappa=0"
	SIZEUNITS meters
	LABELITEM "testo"
	MAXSCALEDENOM 10001
	POSTLABELCACHE TRUE
	CLASS
		NAME "TESTI"
		TITLE "Testi della Mappa"
		LABEL
			TYPE TRUETYPE
			PARTIALS TRUE
			FONT "arial-bold"
			ANGLE [angolo]
			COLOR 0 0 80
			SIZE [dimensione]
			POSITION UR
		END
	END
END
LAYER #----------------26-----------------
	GROUP "unita_territoriali_elementari_273"
	NAME "puc_unita_territoriali"
	STATUS ON
	TYPE POLYGON             
	METADATA
		"wms_group_title"	"unita_territoriali_elementari"
		"ows_title"	"unita_territoriali_elementari"
	END
	PROJECTION
		"init=epsg:3003"
		"+towgs84=-104.1,-49.1,-9.9,0.971,-2.917,0.714,-11.68"
	END
	CONNECTIONTYPE postgis
	TEMPLATE "FOO"
	CONNECTION "user=mapserver password=mapserver dbname=gw_savignone host=127.0.0.1 port=5432"
	DATA "the_geom from vincoli.zona_plg using unique gid"
	PROCESSING "CLOSE_CONNECTION=DEFER"
	FILTER "nome_vincolo='PUC' and nome_tavola='UNITA_URBANISTICA_EL'"
	SIZEUNITS pixels
	CLASSITEM "nome_zona"
	LABELITEM "label"
	LABELMINSCALEDENOM 10001
	CLASS
		NAME "unita_ter"
		TITLE "Unità Territoriali Elementari"
		LABEL
			TYPE TRUETYPE
			PARTIALS TRUE
			FONT "arial-bold"
			COLOR 255 0 0
			SIZE 24
			MINSIZE 8
			MAXSIZE 32
			POSITION CC
		FORCE true
		END
		STYLE
			OUTLINECOLOR 0 0 0
			WIDTH 3
		END
	END
END
LAYER #----------------27-----------------
	GROUP "frane_269"
	NAME "frane"
	STATUS ON
	TYPE POLYGON             
	METADATA
		"wms_group_title"	"frane"
		"ows_title"	"frane"
	END
	PROJECTION
		"init=epsg:3003"
		"+towgs84=-104.1,-49.1,-9.9,0.971,-2.917,0.714,-11.68"
	END
	CONNECTIONTYPE postgis
	TEMPLATE "FOO"
	CONNECTION "user=mapserver password=mapserver dbname=gw_savignone host=127.0.0.1 port=5432"
	DATA "the_geom from vincoli.zona_plg using unique gid"
	PROCESSING "CLOSE_CONNECTION=DEFER"
	FILTER "nome_vincolo='PUC' and nome_tavola='FRANE'"
	SIZEUNITS pixels
	CLASSITEM "nome_zona"
	LABELITEM "label"
	OPACITY ALPHA
	CLASS
		NAME "fs"
		TITLE "Frane stabilizzate"
		EXPRESSION /^FS$/
		STYLE
			COLOR 255 0 0
			SYMBOL "HATCH"
			SIZE 16
			WIDTH 1
		END
		STYLE
			OUTLINECOLOR 255 0 0
			WIDTH 3
		END
	END
	CLASS
		NAME "fqv"
		TITLE "Frana quiescente verificata"
		EXPRESSION /^FQV$/
		STYLE
			COLOR 255 0 0
			SYMBOL "ESAGONI"
			SIZE 48
			WIDTH 1
		END
		STYLE
			OUTLINECOLOR 255 0 0
			WIDTH 3
		END
	END
	CLASS
		NAME "fqn"
		TITLE "Frane quiescenti non verificate"
		EXPRESSION /^FQN$/
		STYLE
			COLOR 255 0 0
			SYMBOL "HATCH"
			SIZE 16
			WIDTH 1
		END
		STYLE
			COLOR 255 0 0
			SYMBOL "HATCH"
			SIZE 16
			ANGLE 90
			WIDTH 1
		END
		STYLE
			OUTLINECOLOR 255 0 0
			WIDTH 3
		END
	END
	CLASS
		NAME "fav"
		TITLE "Frane attive verificate"
		EXPRESSION /^FAV$/
		STYLE
			COLOR 255 0 0
			SYMBOL "HATCH"
			SIZE 20
			ANGLE 135
			WIDTH 1
		END
		STYLE
			OUTLINECOLOR 255 0 0
			WIDTH 3
		END
	END
	CLASS
		NAME "fan"
		TITLE "Frane attive non verificate"
		EXPRESSION /^FAN$/
		STYLE
			COLOR 255 0 0
			SYMBOL "HATCH"
			SIZE 12
			ANGLE 45
			WIDTH 1
		END
		STYLE
			OUTLINECOLOR 255 0 0
			WIDTH 3
		END
	END
	CLASS
		NAME "esondabili"
		TITLE "Aree esondabili"
		EXPRESSION /^ESONDABILI$/
		STYLE
			COLOR 165 0 0
			SYMBOL "HATCH"
			SIZE 15
			ANGLE 45
			WIDTH 2
		END
		STYLE
			OUTLINECOLOR 165 0 0
			WIDTH 6
		END
	END
END
LAYER #----------------28-----------------
	GROUP "ambiti_268"
	NAME "puc_me_puntuali"
	STATUS ON
	TYPE POINT               
	METADATA
		"wms_group_title"	"ambiti"
		"ows_title"	"ambiti"
	END
	PROJECTION
		"init=epsg:3003"
		"+towgs84=-104.1,-49.1,-9.9,0.971,-2.917,0.714,-11.68"
	END
	CONNECTIONTYPE postgis
	TEMPLATE "FOO"
	CONNECTION "user=mapserver password=mapserver dbname=gw_savignone host=127.0.0.1 port=5432"
	DATA "the_geom from vincoli.zona_p using unique gid"
	PROCESSING "CLOSE_CONNECTION=DEFER"
	FILTER "nome_vincolo='PUC' and nome_tavola='AMBITI_FRANE'"
	SIZEUNITS meters
	CLASSITEM "nome_zona"
	MAXSCALEDENOM 15001
	OPACITY ALPHA
	POSTLABELCACHE TRUE
	CLASS
		NAME "me"
		TITLE "Manufatto emergente"
		EXPRESSION /^MANUFATTI$/
		TEXT ('ME')
		LABEL
			TYPE TRUETYPE
			PARTIALS TRUE
			FONT "arial-bold"
			COLOR 0 63 255
			SIZE 20
			POSITION CC
		END
		STYLE
			COLOR 0 63 255
			SYMBOL "DISK"
			SIZE 50
			WIDTH 1
		END
	END
END
LAYER #----------------29-----------------
	GROUP "ambiti_268"
	NAME "puc_completamen_puntuali"
	STATUS ON
	TYPE POLYGON             
	METADATA
		"wms_group_title"	"ambiti"
		"ows_title"	"ambiti"
	END
	PROJECTION
		"init=epsg:3003"
		"+towgs84=-104.1,-49.1,-9.9,0.971,-2.917,0.714,-11.68"
	END
	CONNECTIONTYPE postgis
	TEMPLATE "FOO"
	CONNECTION "user=mapserver password=mapserver dbname=gw_savignone host=127.0.0.1 port=5432"
	DATA "the_geom from vincoli.zona_plg using unique gid"
	PROCESSING "CLOSE_CONNECTION=DEFER"
	FILTER "nome_vincolo='PUC' and nome_tavola='AMBITI_FRANE'"
	SIZEUNITS meters
	CLASSITEM "nome_zona"
	OPACITY ALPHA
	CLASS
		NAME "poligoni_completamen"
		TITLE "Completamenti puntuali"
		EXPRESSION /^COMPLETAMENTI_PUNTUALI$/
		STYLE
			OUTLINECOLOR 255 0 0
			WIDTH 2
		END
	END
END
LAYER #----------------30-----------------
	GROUP "franosita_274"
	NAME "franosita_aree"
	STATUS ON
	TYPE POLYGON             
	METADATA
		"wms_group_title"	"franosita"
		"ows_title"	"franosita"
	END
	PROJECTION
		"init=epsg:3003"
		"+towgs84=-104.1,-49.1,-9.9,0.971,-2.917,0.714,-11.68"
	END
	CONNECTIONTYPE postgis
	TEMPLATE "FOO"
	CONNECTION "user=mapserver password=mapserver dbname=gw_savignone host=127.0.0.1 port=5432"
	DATA "the_geom from vincoli.zona_plg using unique gid"
	PROCESSING "CLOSE_CONNECTION=DEFER"
	FILTER "nome_vincolo='AMBIENTALI' and nome_tavola='FRANE'"
	SIZEUNITS pixels
	CLASSITEM "nome_zona"
	LABELITEM "label"
	OPACITY 60
	CLASS
		NAME "attive_non"
		TITLE "Frane attive non verificate"
		EXPRESSION /^FR_ATTIVE_NON_VERIFICATE$/
		STYLE
			COLOR 255 0 255
			WIDTH 1
		END
	END
	CLASS
		NAME "attive"
		TITLE "Frane attive verificate"
		EXPRESSION /^FR_ATTIVE_VERIFICATE$/
		STYLE
			COLOR 0 0 255
			WIDTH 1
		END
	END
	CLASS
		NAME "quiescente"
		TITLE "Frane quiescenti verificate"
		EXPRESSION /^FR_QUIESC_VERIFICATE$/
		STYLE
			COLOR 255 0 0
			WIDTH 1
		END
	END
	CLASS
		NAME "stabilizzate"
		TITLE "Frane stabilizzate"
		EXPRESSION /^FR_STABILIZZATE$/
		STYLE
			COLOR 255 255 0
			WIDTH 1
		END
	END
	CLASS
		NAME "quiescenti_no"
		TITLE "Frane quiescenti non verificate"
		EXPRESSION /^FR_QUIESC_NON_VERIFICATE$/
		STYLE
			COLOR 0 255 0
			WIDTH 1
		END
	END
END
LAYER #----------------31-----------------
	GROUP "idrogeologico_281"
	NAME "idrogeologico"
	STATUS ON
	TYPE POLYGON             
	METADATA
		"wms_group_title"	"idrogeologico"
		"ows_title"	"idrogeologico"
	END
	PROJECTION
		"init=epsg:3003"
		"+towgs84=-104.1,-49.1,-9.9,0.971,-2.917,0.714,-11.68"
	END
	CONNECTIONTYPE postgis
	TEMPLATE "FOO"
	CONNECTION "user=mapserver password=mapserver dbname=gw_savignone host=127.0.0.1 port=5432"
	DATA "the_geom from vincoli.zona_plg using unique gid"
	PROCESSING "CLOSE_CONNECTION=DEFER"
	FILTER "nome_vincolo='AMBIENTALI' and nome_tavola='IDROGEOLOGICO'"
	SIZEUNITS pixels
	CLASSITEM "nome_zona"
	OPACITY 60
	CLASS
		NAME "idrogeologico_1"
		TITLE "Vincolo idrogeologico (1923-1939)"
		EXPRESSION /^TIPO_1$/
		STYLE
			COLOR 0 0 255
			WIDTH 1
		END
	END
	CLASS
		NAME "idrogeologico_2"
		TITLE "Vincolo idrogeologico (1923)"
		EXPRESSION /^TIPO_2$/
		STYLE
			COLOR 100 100 255
			WIDTH 1
		END
	END
END
LAYER #----------------32-----------------
	GROUP "manufatti_280"
	NAME "manufatti"
	STATUS ON
	TYPE POLYGON             
	METADATA
		"wms_group_title"	"manufatti"
		"ows_title"	"manufatti"
	END
	PROJECTION
		"init=epsg:3003"
		"+towgs84=-104.1,-49.1,-9.9,0.971,-2.917,0.714,-11.68"
	END
	CONNECTIONTYPE postgis
	TEMPLATE "FOO"
	CONNECTION "user=mapserver password=mapserver dbname=gw_savignone host=127.0.0.1 port=5432"
	DATA "the_geom from vincoli.zona_plg using unique gid"
	PROCESSING "CLOSE_CONNECTION=DEFER"
	FILTER "nome_vincolo='AMBIENTALI' and nome_tavola='MANUFATTI'"
	SIZEUNITS pixels
	OPACITY 60
	CLASS
		NAME "manufatti"
		TITLE "Manufatto emergente"
		STYLE
			COLOR 255 127 127
			WIDTH 1
		END
	END
END
LAYER #----------------33-----------------
	GROUP "incendi_275"
	NAME "incendi"
	STATUS ON
	TYPE POLYGON             
	METADATA
		"wms_group_title"	"incendi"
		"ows_title"	"incendi"
	END
	PROJECTION
		"init=epsg:3003"
		"+towgs84=-104.1,-49.1,-9.9,0.971,-2.917,0.714,-11.68"
	END
	CONNECTIONTYPE postgis
	TEMPLATE "FOO"
	CONNECTION "user=mapserver password=mapserver dbname=gw_savignone host=127.0.0.1 port=5432"
	DATA "the_geom from vincoli.zona_plg using unique gid"
	PROCESSING "CLOSE_CONNECTION=DEFER"
	FILTER "nome_vincolo='AMBIENTALI' and nome_tavola='INCENDI'"
	SIZEUNITS pixels
	OPACITY 60
	CLASS
		NAME "incendi"
		TITLE "Aree percorse dal fuoco"
		STYLE
			COLOR 255 127 0
			OUTLINECOLOR 0 0 0
			WIDTH 1
		END
	END
END
LAYER #----------------34-----------------
	GROUP "galasso_277"
	NAME "galasso"
	STATUS ON
	TYPE POLYGON             
	METADATA
		"wms_group_title"	"galasso"
		"ows_title"	"galasso"
	END
	PROJECTION
		"init=epsg:3003"
		"+towgs84=-104.1,-49.1,-9.9,0.971,-2.917,0.714,-11.68"
	END
	CONNECTIONTYPE postgis
	TEMPLATE "FOO"
	CONNECTION "user=mapserver password=mapserver dbname=gw_savignone host=127.0.0.1 port=5432"
	DATA "the_geom from vincoli.zona_plg using unique gid"
	PROCESSING "CLOSE_CONNECTION=DEFER"
	FILTER "nome_vincolo='AMBIENTALI' and nome_tavola='GALASSO'"
	SIZEUNITS meters
	CLASSITEM "nome_zona"
	SYMBOLSCALEDENOM 2000
	OPACITY ALPHA
	CLASS
		NAME "carmo"
		TITLE "Aree vincolate ex Legge n. 1497/39 e D.M. 85"
		EXPRESSION /^CARMO$/
		STYLE
			COLOR 0 0 0
			SYMBOL "HATCH"
			SIZE 16
			ANGLE 45
			WIDTH 1
		END
		STYLE
			OUTLINECOLOR 0 0 0
			WIDTH 2
		END
	END
END
LAYER #----------------35-----------------
	GROUP "antola_276"
	NAME "antola"
	STATUS ON
	TYPE POLYGON             
	METADATA
		"wms_group_title"	"antola"
		"ows_title"	"antola"
	END
	PROJECTION
		"init=epsg:3003"
		"+towgs84=-104.1,-49.1,-9.9,0.971,-2.917,0.714,-11.68"
	END
	CONNECTIONTYPE postgis
	TEMPLATE "FOO"
	CONNECTION "user=mapserver password=mapserver dbname=gw_savignone host=127.0.0.1 port=5432"
	DATA "the_geom from vincoli.zona_plg using unique gid"
	PROCESSING "CLOSE_CONNECTION=DEFER"
	FILTER "nome_vincolo='AMBIENTALI' and nome_tavola='ANTOLA'"
	SIZEUNITS meters
	SYMBOLSCALEDENOM 2000
	OPACITY ALPHA
	CLASS
		NAME "antola"
		TITLE "Interesse Naturalistico Ambientale"
		STYLE
			COLOR 0 0 0
			SYMBOL "HATCH"
			SIZE 6
			ANGLE 135
			WIDTH 1
		END
		STYLE
			OUTLINECOLOR 0 0 0
			WIDTH 2
		END
	END
END
LAYER #----------------36-----------------
	GROUP "sorgenti_278"
	NAME "sorgenti"
	STATUS ON
	TYPE POINT               
	METADATA
		"wms_group_title"	"sorgenti"
		"ows_title"	"sorgenti"
	END
	PROJECTION
		"init=epsg:3003"
		"+towgs84=-104.1,-49.1,-9.9,0.971,-2.917,0.714,-11.68"
	END
	CONNECTIONTYPE postgis
	TEMPLATE "FOO"
	CONNECTION "user=mapserver password=mapserver dbname=gw_savignone host=127.0.0.1 port=5432"
	DATA "the_geom from vincoli.zona_p using unique gid"
	PROCESSING "CLOSE_CONNECTION=DEFER"
	FILTER "nome_vincolo='AMBIENTALI' and nome_tavola='SORGENTI'"
	SIZEUNITS meters
	CLASSITEM "nome_zona"
	SYMBOLSCALEDENOM 2000
	OPACITY ALPHA
	POSTLABELCACHE TRUE
	CLASS
		NAME "sorgenti"
		TITLE "Sorgenti"
		EXPRESSION /^SORGENTI$/
		STYLE
			COLOR 0 0 150
			SYMBOL "DISK"
			SIZE 97
			WIDTH 1
		END
	END
END
LAYER #----------------37-----------------
	GROUP "dlgs422004_282"
	NAME "lettera_c"
	STATUS ON
	TYPE POLYGON             
	METADATA
		"wms_group_title"	"dlgs422004"
		"ows_title"	"dlgs422004"
	END
	PROJECTION
		"init=epsg:3003"
		"+towgs84=-104.1,-49.1,-9.9,0.971,-2.917,0.714,-11.68"
	END
	CONNECTIONTYPE postgis
	TEMPLATE "FOO"
	CONNECTION "user=mapserver password=mapserver dbname=gw_savignone host=127.0.0.1 port=5432"
	DATA "the_geom from vincoli.zona_plg using unique gid"
	PROCESSING "CLOSE_CONNECTION=DEFER"
	FILTER "nome_vincolo='VARI' and (nome_tavola='DLGS422004_CDU0' or nome_tavola='DLGS422004_CDU1')"
	SIZEUNITS pixels
	CLASSITEM "nome_zona"
	OPACITY 60
	CLASS
		NAME "lettera_c"
		TITLE "Fascia di rispetto di 150m dai corsi d'acqua (lett. c)"
		EXPRESSION /^ART_142_LETT_C_BREVENNA$|^ART_142_LETT_C_SEMINELLA$/
		STYLE
			COLOR 0 127 192
			WIDTH 1
		END
	END
END
LAYER #----------------38-----------------
	GROUP "dlgs422004_282"
	NAME "corsi_d_acqua"
	STATUS ON
	TYPE POLYGON             
	METADATA
		"wms_group_title"	"dlgs422004"
		"ows_title"	"dlgs422004"
	END
	PROJECTION
		"init=epsg:3003"
		"+towgs84=-104.1,-49.1,-9.9,0.971,-2.917,0.714,-11.68"
	END
	CONNECTIONTYPE postgis
	TEMPLATE "FOO"
	CONNECTION "user=mapserver password=mapserver dbname=gw_savignone host=127.0.0.1 port=5432"
	DATA "the_geom from vincoli.zona_plg using unique gid"
	PROCESSING "CLOSE_CONNECTION=DEFER"
	FILTER "nome_vincolo='VARI' and (nome_tavola='DLGS422004_CDU0' or nome_tavola='DLGS422004_CDU1')"
	CLASSITEM "nome_zona"
	OPACITY 60
	CLASS
		NAME "corsi_acqua"
		TITLE "Affluenti dei torrenti Seminella e Brevenna"
		EXPRESSION /^CORSI_ACQUA$/
		STYLE
			COLOR 0 0 192
			WIDTH 1
		END
	END
END
LAYER #----------------39-----------------
	GROUP "dlgs422004_282"
	NAME "zone_b"
	STATUS ON
	TYPE POLYGON             
	METADATA
		"wms_group_title"	"dlgs422004"
		"ows_title"	"dlgs422004"
	END
	PROJECTION
		"init=epsg:3003"
		"+towgs84=-104.1,-49.1,-9.9,0.971,-2.917,0.714,-11.68"
	END
	CONNECTIONTYPE postgis
	TEMPLATE "FOO"
	CONNECTION "user=mapserver password=mapserver dbname=gw_savignone host=127.0.0.1 port=5432"
	DATA "the_geom from vincoli.zona_plg using unique gid"
	PROCESSING "CLOSE_CONNECTION=DEFER"
	FILTER "nome_vincolo='VARI' and (nome_tavola='DLGS422004_CDU0' or nome_tavola='DLGS422004_CDU1')"
	SIZEUNITS pixels
	CLASSITEM "nome_zona"
	LABELITEM "label"
	LABELMAXSCALEDENOM 10001
	OPACITY ALPHA
	CLASS
		NAME "zone_b"
		TITLE "Zone B"
		EXPRESSION /^B$/
		LABEL
			TYPE TRUETYPE
			PARTIALS TRUE
			FONT "arial-bold"
			COLOR 0 0 0
			OUTLINECOLOR 255 255 255
			SIZE 22
			MINSIZE 15
			MAXSIZE 30
			POSITION CC
		END
		STYLE
			OUTLINECOLOR 0 0 0
			WIDTH 3
		END
	END
END
LAYER #----------------40-----------------
	GROUP "ambiti_268"
	NAME "puc_ambiti_frane_testi"
	STATUS ON
	TYPE ANNOTATION          
	METADATA
		"wms_group_title"	"ambiti"
		"ows_title"	"ambiti"
	END
	PROJECTION
		"init=epsg:3003"
		"+towgs84=-104.1,-49.1,-9.9,0.971,-2.917,0.714,-11.68"
	END
	CONNECTIONTYPE postgis
	TEMPLATE "FOO"
	CONNECTION "user=mapserver password=mapserver dbname=gw_savignone host=127.0.0.1 port=5432"
	DATA "the_geom from vincoli.zona_p using unique gid"
	PROCESSING "CLOSE_CONNECTION=DEFER"
	FILTER "nome_vincolo='PUC' and nome_tavola='AMBITI_FRANE'"
	SIZEUNITS meters
	CLASSITEM "nome_zona"
	LABELITEM "label"
	OPACITY ALPHA
	CLASS
		NAME "ambiti_frane_testi"
		TITLE "Testi di ambiti e frane"
		EXPRESSION /^TESTI$/
		LABEL
			TYPE TRUETYPE
			PARTIALS TRUE
			FONT "arial-bold"
			ANGLE [angolo]
			COLOR 255 0 0
			SIZE [dimensione]
			POSITION UR
		FORCE true
		END
	END
END
LAYER #----------------41-----------------
	GROUP "unita_territoriali_elementari_273"
	NAME "puc_unita_territoriali_testi"
	STATUS ON
	TYPE ANNOTATION          
	METADATA
		"wms_group_title"	"unita_territoriali_elementari"
		"ows_title"	"unita_territoriali_elementari"
	END
	PROJECTION
		"init=epsg:3003"
		"+towgs84=-104.1,-49.1,-9.9,0.971,-2.917,0.714,-11.68"
	END
	CONNECTIONTYPE postgis
	TEMPLATE "FOO"
	CONNECTION "user=mapserver password=mapserver dbname=gw_savignone host=127.0.0.1 port=5432"
	DATA "the_geom from vincoli.zona_p using unique gid"
	PROCESSING "CLOSE_CONNECTION=DEFER"
	FILTER "nome_vincolo='PUC' and nome_tavola='UNITA_URBANISTICA_EL'"
	SIZEUNITS meters
	CLASSITEM "nome_zona"
	LABELITEM "label"
	LABELMAXSCALEDENOM 10001
	OPACITY ALPHA
	CLASS
		NAME "puc_unita_territoriali_testi"
		TITLE "Testi delle unità territoriali elementari"
		LABEL
			TYPE TRUETYPE
			PARTIALS TRUE
			FONT "arial-bold"
			ANGLE [angolo]
			COLOR 255 0 0
			SIZE [dimensione]
			POSITION UR
			FORCE TRUE
		END
	END
END
LAYER #----------------42-----------------
	GROUP "settori_271"
	NAME "puc_settori_testi"
	STATUS ON
	TYPE ANNOTATION          
	METADATA
		"wms_group_title"	"settori"
		"ows_title"	"settori"
	END
	PROJECTION
		"init=epsg:3003"
		"+towgs84=-104.1,-49.1,-9.9,0.971,-2.917,0.714,-11.68"
	END
	CONNECTIONTYPE postgis
	TEMPLATE "FOO"
	CONNECTION "user=mapserver password=mapserver dbname=gw_savignone host=127.0.0.1 port=5432"
	DATA "the_geom from vincoli.zona_p using unique gid"
	PROCESSING "CLOSE_CONNECTION=DEFER"
	FILTER "nome_vincolo='PUC' and nome_tavola='SETTORI'"
	SIZEUNITS meters
	CLASSITEM "nome_zona"
	LABELITEM "label"
	OPACITY ALPHA
	CLASS
		NAME "puc_settori_testi"
		TITLE "Testi dei settori"
		LABEL
			TYPE TRUETYPE
			PARTIALS TRUE
			FONT "arial-bold"
			ANGLE [angolo]
			COLOR 255 0 0
			SIZE [dimensione]
			POSITION UR
		END
	END
END
LAYER #----------------43-----------------
	GROUP "ambiti_268"
	NAME "puc_query_layer"
	STATUS ON
	TYPE POLYGON             
	METADATA
		"wms_group_title"	"ambiti"
		"ows_title"	"ambiti"
	END
	PROJECTION
		"init=epsg:3003"
		"+towgs84=-104.1,-49.1,-9.9,0.971,-2.917,0.714,-11.68"
	END
	CONNECTIONTYPE postgis
	TEMPLATE "FOO"
	CONNECTION "user=mapserver password=mapserver dbname=gw_savignone host=127.0.0.1 port=5432"
	DATA "the_geom from vincoli.zona_plg using unique gid"
	PROCESSING "CLOSE_CONNECTION=DEFER"
	FILTER "nome_vincolo='PUC' and nome_tavola!='FRANE'"
END
SYMBOL
	NAME "HATCH"
TYPE HATCH
END
SYMBOL
	NAME "DISK"
TYPE ELLIPSE
POINTS
1 1
END
FILLED FALSE
END
SYMBOL
	NAME "ESAGONI"
TYPE VECTOR
POINTS
0 325
281 487
562 325
562 0
-99 -99
281 487
281 812
-99 -99
0 975
281 812
562 975
END
END
SYMBOL
	NAME "FIDUCIALE"
	TYPE TRUETYPE
	FONT "catasto"
	CHARACTER "B"
ANTIALIAS TRUE
END
SYMBOL
	NAME "FRECCIA2"
	TYPE TRUETYPE
	FONT "catasto"
	CHARACTER "G"
ANTIALIAS TRUE
END
SYMBOL
	NAME "GRAFFA"
	TYPE TRUETYPE
	FONT "catasto"
	CHARACTER "E"
ANTIALIAS TRUE
END
SYMBOL
	NAME "OSSO MORTO"
	TYPE TRUETYPE
	FONT "catasto"
	CHARACTER "I"
ANTIALIAS TRUE
END
SYMBOL
	NAME "PICCHETTO"
	TYPE TRUETYPE
	FONT "catasto"
	CHARACTER "D"
ANTIALIAS TRUE
END
SYMBOL
NAME "line_select"
TYPE ELLIPSE
POINTS 1 1 END
FILLED TRUE
END

 SCALEBAR	
   INTERVALS 1
   SIZE 100 3
   IMAGECOLOR 255 255 255
   BACKGROUNDCOLOR 204 204 204
   COLOR 0 0 255
   OUTLINECOLOR 0 0 0
   UNITS meters
   STYLE 0
   LABEL
		COLOR 0 0 0
		TYPE bitmap
		SIZE small
		FONT 'arial'
   END
END
END #endmap